// Vitest Snapshot v1, https://vitest.dev/guide/snapshot.html

exports[`TodoApp.vue > snapshot 1`] = `
"<footer class="footer">
  <!-- This should be \`0 items left\` by default --><span class="todo-count"><strong data-testid="done-todos-count">2</strong> item left</span><!-- Remove this if you don't implement routing -->
  <ul class="filters">
    <li><a aria-current="page" href="#/" class="selected router-link-exact-active">All</a></li>
    <li><a href="#/active" class="">Active</a></li>
    <li><a href="#/completed" class="">Completed</a></li>
  </ul><!-- Hidden if no completed items are left â†“ --><button data-testid="clear-completed" class="clear-completed"> Clear completed </button>
</footer>"
`;
