// Vitest Snapshot v1, https://vitest.dev/guide/snapshot.html

exports[`TodoItem.vue > snapshot 1`] = `
"<li data-testid="todo-item" class="completed">
  <div class="view"><input data-testid="todo-done" class="toggle" type="checkbox"><label data-testid="todo-text">测试</label><button data-testid="delete" class="destroy"></button></div><input data-testid="todo-edit" class="edit" value="测试">
</li>"
`;
